src/components/Method.tsx(88,20): error TS2503: Cannot find namespace 'NodeJS'.
src/pages/TestEffettiPage.tsx(4,7): error TS6133: 'elasticBounce' is declared but its value is never read.
